2026-08-14 00:50:00.540 [daemon] INFO: Kotlin compiler daemon version 2.1.20-release-217
2026-08-14 00:50:00.681 [daemon] INFO: daemon JVM args: -Djava.awt.headless=true -Djava.rmi.server.hostname=127.0.0.1 -Xmx2048m -XX:MaxMetaspaceSize=512m -XX:ReservedCodeCacheSize=320m -Dkotlin.environment.keepalive -ea -XX:+UseCodeCacheFlushing -XX:+UseParallelGC -Dkotlin.daemon.initiator.marker.file=C:\Users\PREET\AppData\Local\Temp\kotlin-compiler-in-ssistantpp-8630312112022854822.alive --add-exports=java.base/sun.nio.ch=ALL-UNNAMED
2026-08-14 00:50:00.713 [daemon] INFO: daemon args: --daemon-runFilesPath C:\Users\PREET\AppData\Local\kotlin\daemon --daemon-autoshutdownIdleSeconds=7200 --daemon-compilerClasspath D:\DevCaches\Gradle\caches\modules-2\files-2.1\org.jetbrains.kotlin\kotlin-compiler-embeddable\2.1.20\4ef56b3316798316bfac7a0ae443391c9e900ea1\kotlin-compiler-embeddable-2.1.20.jar;D:\DevCaches\Gradle\caches\modules-2\files-2.1\org.jetbrains.kotlin\kotlin-stdlib\2.1.20\aa8ca79cd50578314f6d1180c47cbe14c0fee567\kotlin-stdlib-2.1.20.jar;D:\DevCaches\Gradle\caches\modules-2\files-2.1\org.jetbrains.kotlin\kotlin-script-runtime\2.1.20\f7c623d7f7bdb01f5ccd6b437bc0a937fcd7c57e\kotlin-script-runtime-2.1.20.jar;D:\DevCaches\Gradle\caches\modules-2\files-2.1\org.jetbrains.kotlin\kotlin-reflect\1.6.10\1cbe9c92c12a94eea200d23c2bbaedaf3daf5132\kotlin-reflect-1.6.10.jar;D:\DevCaches\Gradle\caches\modules-2\files-2.1\org.jetbrains.kotlin\kotlin-daemon-embeddable\2.1.20\95670fce77befd02a70a0bc3abe8ee4533521334\kotlin-daemon-embeddable-2.1.20.jar;D:\DevCaches\Gradle\caches\modules-2\files-2.1\org.jetbrains.intellij.deps\trove4j\1.0.20200330\3afb14d5f9ceb459d724e907a21145e8ff394f02\trove4j-1.0.20200330.jar;D:\DevCaches\Gradle\caches\modules-2\files-2.1\org.jetbrains.kotlinx\kotlinx-coroutines-core-jvm\1.8.0\ac1dc37a30a93150b704022f8d895ee1bd3a36b3\kotlinx-coroutines-core-jvm-1.8.0.jar;D:\DevCaches\Gradle\caches\modules-2\files-2.1\org.jetbrains\annotations\13.0\919f0dfe192fb4e063e7dacadee7f8bb9a2672a9\annotations-13.0.jar
2026-08-14 00:50:00.829 [daemon] INFO: starting daemon
2026-08-14 00:50:01.231 [compiler] INFO: Registered a client alive file: C:\Users\PREET\AppData\Local\Temp\kotlin-compiler-in-ssistantpp-8630312112022854822.alive
2026-08-14 00:50:01.235 [compiler] INFO: Periodic liveness check activities configured
2026-08-14 00:50:01.240 [compiler] INFO: initiate elections
2026-08-14 00:50:01.242 [daemon] INFO: daemon is listening on port: 17006
2026-08-14 00:50:01.463 [compiler] INFO: getDaemonJVMOptions: DaemonJVMOptions(maxMemory=2048m, maxMetaspaceSize=512m, reservedCodeCacheSize=320m, jvmParams=[-Djava.awt.headless=true, -Djava.rmi.server.hostname=127.0.0.1, -Dkotlin.environment.keepalive, -ea, -XX:+UseCodeCacheFlushing, -XX:+UseParallelGC, -Dkotlin.daemon.initiator.marker.file=C:\Users\PREET\AppData\Local\Temp\kotlin-compiler-in-ssistantpp-8630312112022854822.alive, --add-exports=java.base/sun.nio.ch=ALL-UNNAMED, Dkotlin.environment.keepalive, ea])
2026-08-14 00:50:01.494 [compiler] INFO: Registered a client alive file: C:\Users\PREET\AppData\Local\Temp\kotlin-compiler-in-ssistantpp-8630312112022854822.alive
2026-08-14 00:50:01.501 [compiler] INFO: leased a new session 1, session alive file: D:\AI_Personal_Buddy\AIAssistantApp\android\.kotlin\sessions\kotlin-compiler-14353018761598267562.salive
2026-08-14 00:50:01.556 [compiler] INFO: getDaemonJVMOptions: DaemonJVMOptions(maxMemory=2048m, maxMetaspaceSize=512m, reservedCodeCacheSize=320m, jvmParams=[-Djava.awt.headless=true, -Djava.rmi.server.hostname=127.0.0.1, -Dkotlin.environment.keepalive, -ea, -XX:+UseCodeCacheFlushing, -XX:+UseParallelGC, -Dkotlin.daemon.initiator.marker.file=C:\Users\PREET\AppData\Local\Temp\kotlin-compiler-in-ssistantpp-8630312112022854822.alive, --add-exports=java.base/sun.nio.ch=ALL-UNNAMED, Dkotlin.environment.keepalive, ea])
2026-08-14 00:50:01.579 [compiler] INFO: Registered a client alive file: C:\Users\PREET\AppData\Local\Temp\kotlin-compiler-in-ssistantpp-8630312112022854822.alive
2026-08-14 00:50:01.584 [compiler] INFO: leased a new session 2, session alive file: D:\AI_Personal_Buddy\AIAssistantApp\android\.kotlin\sessions\kotlin-compiler-14353018761598267562.salive
2026-08-14 00:50:02.073 [compiler] INFO: Starting compilation with args: -Xallow-no-source-files -classpath C:\Users\PREET\AppData\Local\Android\Sdk\platforms\android-36\android.jar;C:\Users\PREET\AppData\Local\Android\Sdk\build-tools\35.0.0\core-lambda-stubs.jar;D:\AI_Personal_Buddy\AIAssistantApp\node_modules\react-native-nitro-modules\android\build\intermediates\compile_r_class_jar\release\generateReleaseRFile\R.jar;D:\DevCaches\Gradle\caches\9.3.1\transforms\ea69928fda22412fe3a911b9cfec0f42\workspace\transformed\react-android-0.85.3-release-api.jar;D:\DevCaches\Gradle\caches\9.3.1\transforms\daf81ffa08286bc1441d0d597448d25a\workspace\transformed\fresco-3.6.0-api.jar;D:\DevCaches\Gradle\caches\9.3.1\transforms\420d736ac1d58d73b22e1ec02c7a5275\workspace\transformed\imagepipeline-okhttp3-3.6.0-api.jar;D:\DevCaches\Gradle\caches\9.3.1\transforms\1390aaa8781562dd727ca228e1af2798\workspace\transformed\middleware-3.6.0-api.jar;D:\DevCaches\Gradle\caches\9.3.1\transforms\7a592ebee32a9ed36426be6af6b93c2f\workspace\transformed\ui-common-3.6.0-api.jar;D:\DevCaches\Gradle\caches\modules-2\files-2.1\com.squareup.okhttp3\okhttp-urlconnection\4.9.2\3b9e64d3d56370bc7488ed8b336d17a8013cb336\okhttp-urlconnection-4.9.2.jar;D:\DevCaches\Gradle\caches\modules-2\files-2.1\com.squareup.okhttp3\okhttp\4.9.2\5302714ee9320b64cf65ed865e5f65981ef9ba46\okhttp-4.9.2.jar;D:\DevCaches\Gradle\caches\modules-2\files-2.1\com.squareup.okio\okio\2.9.0\dcc813b08ce5933f8bdfd1dfbab4ad4bd170e7a\okio-jvm-2.9.0.jar;D:\DevCaches\Gradle\caches\9.3.1\transforms\8b92820d1874662cae2ea32672ae052b\workspace\transformed\appcompat-resources-1.7.0-api.jar;D:\DevCaches\Gradle\caches\9.3.1\transforms\7e9c18a52f2957be2f08a8ca31c68ec9\workspace\transformed\appcompat-1.7.0-api.jar;D:\DevCaches\Gradle\caches\9.3.1\transforms\4c552c1cdbdbe25ebad6a581f4893d38\workspace\transformed\fragment-1.5.4-api.jar;D:\DevCaches\Gradle\caches\9.3.1\transforms\5d57a10277ccc3d421198fa335f13c31\workspace\transformed\activity-1.7.0-api.jar;D:\DevCaches\Gradle\caches\9.3.1\transforms\02dd6b91c73a38eb06fd44377d356de7\workspace\transformed\swiperefreshlayout-1.1.0-api.jar;D:\DevCaches\Gradle\caches\9.3.1\transforms\5949fb73f103f7df9b2d9679bf3b3a34\workspace\transformed\drawerlayout-1.0.0-api.jar;D:\DevCaches\Gradle\caches\9.3.1\transforms\da1f32f676f1d9a35454fb403a531eb9\workspace\transformed\vectordrawable-animated-1.1.0-api.jar;D:\DevCaches\Gradle\caches\9.3.1\transforms\8e9410a2b55a888e797ad7d0399b4450\workspace\transformed\vectordrawable-1.1.0-api.jar;D:\DevCaches\Gradle\caches\9.3.1\transforms\8a0a38dc56090dd3c451aeeac9c9f9f1\workspace\transformed\viewpager-1.0.0-api.jar;D:\DevCaches\Gradle\caches\9.3.1\transforms\232db474742f37bcef80465007523893\workspace\transformed\customview-1.0.0-api.jar;D:\DevCaches\Gradle\caches\9.3.1\transforms\6e9f2d087f1105d04a026fbec56ab84c\workspace\transformed\loader-1.0.0-api.jar;D:\DevCaches\Gradle\caches\9.3.1\transforms\f645f11c64b76fc9978b9fdd482ceda7\workspace\transformed\lifecycle-livedata-2.6.2-api.jar;D:\DevCaches\Gradle\caches\modules-2\files-2.1\androidx.lifecycle\lifecycle-common\2.6.2\10f354fdb64868baecd67128560c5a0d6312c495\lifecycle-common-2.6.2.jar;D:\DevCaches\Gradle\caches\9.3.1\transforms\db76afd8d5b09605e1669791256bad91\workspace\transformed\lifecycle-livedata-core-2.6.2-api.jar;D:\DevCaches\Gradle\caches\9.3.1\transforms\19d0febf4a64607a835b54e7324a1d82\workspace\transformed\lifecycle-viewmodel-2.6.2-api.jar;D:\DevCaches\Gradle\caches\9.3.1\transforms\c99222cf520f071d53cce92172a81db6\workspace\transformed\lifecycle-runtime-2.6.2-api.jar;D:\DevCaches\Gradle\caches\9.3.1\transforms\9403456744d5408b4c30c3aaba708c3c\workspace\transformed\lifecycle-viewmodel-savedstate-2.6.2-api.jar;D:\DevCaches\Gradle\caches\9.3.1\transforms\ca8021ee4689d6bc3196781eb0418d52\workspace\transformed\core-ktx-1.13.1-api.jar;D:\DevCaches\Gradle\caches\9.3.1\transforms\8816d7dd47a51a354a53b2a4be524dd6\workspace\transformed\core-1.13.1-api.jar;D:\DevCaches\Gradle\caches\9.3.1\transforms\9a69e5256b70f03fdda047745ca60edd\workspace\transformed\savedstate-1.2.1-api.jar;D:\DevCaches\Gradle\caches\9.3.1\transforms\ff2659e82caceee68e0ea796f0a6eb4e\workspace\transformed\fbcore-3.6.0-api.jar;D:\DevCaches\Gradle\caches\9.3.1\transforms\faebc86c76d6469621eb6a2e85cd2dfb\workspace\transformed\drawee-3.6.0-api.jar;D:\DevCaches\Gradle\caches\modules-2\files-2.1\org.jetbrains.kotlinx\kotlinx-coroutines-core-jvm\1.6.4\2c997cd1c0ef33f3e751d3831929aeff1390cb30\kotlinx-coroutines-core-jvm-1.6.4.jar;D:\DevCaches\Gradle\caches\modules-2\files-2.1\org.jetbrains.kotlinx\kotlinx-coroutines-android\1.6.4\f955fc8b2ad196e2f4429598440e15f7492eeb2b\kotlinx-coroutines-android-1.6.4.jar;D:\DevCaches\Gradle\caches\modules-2\files-2.1\org.jetbrains.kotlin\kotlin-stdlib-jdk8\1.8.0\ed04f49e186a116753ad70d34f0ac2925d1d8020\kotlin-stdlib-jdk8-1.8.0.jar;D:\DevCaches\Gradle\caches\9.3.1\transforms\b4458e790d37bde7a076b2d0f9db8d9c\workspace\transformed\cursoradapter-1.0.0-api.jar;D:\DevCaches\Gradle\caches\9.3.1\transforms\602e03bddb73e7cc0b72429212b2a651\workspace\transformed\interpolator-1.0.0-api.jar;D:\DevCaches\Gradle\caches\9.3.1\transforms\a4d6c31c1b3a7a9490da0bb6a7faff55\workspace\transformed\versionedparcelable-1.1.1-api.jar;D:\DevCaches\Gradle\caches\modules-2\files-2.1\androidx.collection\collection\1.1.0\1f27220b47669781457de0d600849a5de0e89909\collection-1.1.0.jar;D:\DevCaches\Gradle\caches\9.3.1\transforms\1c9ae9190fc84c04df03728858a93c83\workspace\transformed\core-runtime-2.2.0-api.jar;D:\DevCaches\Gradle\caches\modules-2\files-2.1\androidx.arch.core\core-common\2.2.0\5e1b8b81dfd5f52c56a8d53b18ca759c19a301f3\core-common-2.2.0.jar;D:\DevCaches\Gradle\caches\modules-2\files-2.1\androidx.annotation\annotation-jvm\1.6.0\a7257339a052df0f91433cf9651231bbb802b502\annotation-jvm-1.6.0.jar;D:\DevCaches\Gradle\caches\9.3.1\transforms\29b5817ae5bf30a9211c0c065e95e755\workspace\transformed\annotation-experimental-1.4.0-api.jar;D:\DevCaches\Gradle\caches\9.3.1\transforms\c0e81dc1bcfb3c5ce2fd77b4639dbffa\workspace\transformed\ui-core-3.6.0-api.jar;D:\DevCaches\Gradle\caches\9.3.1\transforms\1a75661a8d98aac6681dce437732a228\workspace\transformed\imagepipeline-3.6.0-api.jar;D:\DevCaches\Gradle\caches\9.3.1\transforms\579a38152ad27a5bb0856f94aeacbbc5\workspace\transformed\imagepipeline-base-3.6.0-api.jar;D:\DevCaches\Gradle\caches\modules-2\files-2.1\org.jetbrains.kotlin\kotlin-stdlib-jdk7\1.8.0\3c91271347f678c239607abb676d4032a7898427\kotlin-stdlib-jdk7-1.8.0.jar;D:\DevCaches\Gradle\caches\modules-2\files-2.1\org.jetbrains.kotlin\kotlin-stdlib\2.1.20\aa8ca79cd50578314f6d1180c47cbe14c0fee567\kotlin-stdlib-2.1.20.jar;D:\DevCaches\Gradle\caches\modules-2\files-2.1\org.jetbrains\annotations\13.0\919f0dfe192fb4e063e7dacadee7f8bb9a2672a9\annotations-13.0.jar;D:\DevCaches\Gradle\caches\9.3.1\transforms\2ebfd1b4a7a6a1aa92e33ad15b8c2d07\workspace\transformed\tracing-1.1.0-api.jar;D:\DevCaches\Gradle\caches\9.3.1\transforms\f469791f345509a307df62989595528b\workspace\transformed\autofill-1.1.0-api.jar;D:\DevCaches\Gradle\caches\9.3.1\transforms\5f130eb10cd06d2a073b42c62a32dad9\workspace\transformed\fbjni-0.7.0-api.jar;D:\DevCaches\Gradle\caches\9.3.1\transforms\26b62f3c65e76a5ff7734f1a60550121\workspace\transformed\soloader-0.12.1-api.jar;D:\DevCaches\Gradle\caches\modules-2\files-2.1\com.facebook.soloader\nativeloader\0.12.1\492cc5082540e19b29328f2f56c53255cb6e7cc6\nativeloader-0.12.1.jar;D:\DevCaches\Gradle\caches\modules-2\files-2.1\com.facebook.soloader\annotation\0.12.1\945ada76f62253ba8e72cbf755d0e85ea7362cfe\annotation-0.12.1.jar;D:\DevCaches\Gradle\caches\modules-2\files-2.1\com.facebook.infer.annotation\infer-annotation\0.18.0\27539793fe93ed7d92b6376281c16cda8278ab2f\infer-annotation-0.18.0.jar;D:\DevCaches\Gradle\caches\modules-2\files-2.1\com.google.code.findbugs\jsr305\3.0.2\25ea2e8b0c338a877313bd4672d3fe056ea78f0d\jsr305-3.0.2.jar;D:\DevCaches\Gradle\caches\modules-2\files-2.1\org.jetbrains.kotlin\kotlin-annotations-jvm\1.3.72\7dba6c57de526588d8080317bda0c14cd88c8055\kotlin-annotations-jvm-1.3.72.jar;D:\DevCaches\Gradle\caches\9.3.1\transforms\6e3f7b74fce8d25af3b8e1fc02e40571\workspace\transformed\imagepipeline-native-3.6.0-api.jar;D:\DevCaches\Gradle\caches\9.3.1\transforms\a4fae1aba483bf7bb04fbd4a20e04433\workspace\transformed\memory-type-ashmem-3.6.0-api.jar;D:\DevCaches\Gradle\caches\9.3.1\transforms\51d85524db39e73292493ce437537bd9\workspace\transformed\memory-type-native-3.6.0-api.jar;D:\DevCaches\Gradle\caches\9.3.1\transforms\533556f5e1704b8b3582429a90ba3d4f\workspace\transformed\memory-type-java-3.6.0-api.jar;D:\DevCaches\Gradle\caches\9.3.1\transforms\9e926093ce0690e348d928d85282229c\workspace\transformed\nativeimagefilters-3.6.0-api.jar;D:\DevCaches\Gradle\caches\9.3.1\transforms\93dc1ffbf9cc08e49a8212183c725130\workspace\transformed\nativeimagetranscoder-3.6.0-api.jar;D:\DevCaches\Gradle\caches\modules-2\files-2.1\com.facebook.yoga\proguard-annotations\1.19.0\fcbbb39052e6490eaaf6a6959c49c3a4fbe87c63\proguard-annotations-1.19.0.jar;D:\DevCaches\Gradle\caches\modules-2\files-2.1\javax.inject\javax.inject\1\6975da39a7040257bd51d21a231b76c915872d38\javax.inject-1.jar -d D:\AI_Personal_Buddy\AIAssistantApp\node_modules\react-native-nitro-modules\android\build\tmp\kotlin-classes\release -jvm-target 17 -module-name react-native-nitro-modules_release -no-jdk -no-reflect -no-stdlib D:\AI_Personal_Buddy\AIAssistantApp\node_modules\react-native-nitro-modules\android\src\main\java\com\margelo\nitro\JNIOnLoad.java D:\AI_Personal_Buddy\AIAssistantApp\node_modules\react-native-nitro-modules\android\build\generated\source\codegen\java\com\margelo\nitro\NativeNitroModulesSpec.java D:\AI_Personal_Buddy\AIAssistantApp\node_modules\react-native-nitro-modules\android\build\generated\source\buildConfig\release\com\margelo\nitro\BuildConfig.java D:\AI_Personal_Buddy\AIAssistantApp\node_modules\react-native-nitro-modules\android\src\main\java\com\margelo\nitro\core\AnyMap.kt D:\AI_Personal_Buddy\AIAssistantApp\node_modules\react-native-nitro-modules\android\src\main\java\com\margelo\nitro\core\AnyValue.kt D:\AI_Personal_Buddy\AIAssistantApp\node_modules\react-native-nitro-modules\android\src\main\java\com\margelo\nitro\core\ArrayBuffer.kt D:\AI_Personal_Buddy\AIAssistantApp\node_modules\react-native-nitro-modules\android\src\main\java\com\margelo\nitro\core\HybridObject.kt D:\AI_Personal_Buddy\AIAssistantApp\node_modules\react-native-nitro-modules\android\src\main\java\com\margelo\nitro\core\Promise.kt D:\AI_Personal_Buddy\AIAssistantApp\node_modules\react-native-nitro-modules\android\src\main\java\com\margelo\nitro\NitroModules.kt D:\AI_Personal_Buddy\AIAssistantApp\node_modules\react-native-nitro-modules\android\src\main\java\com\margelo\nitro\NitroModulesPackage.kt D:\AI_Personal_Buddy\AIAssistantApp\node_modules\react-native-nitro-modules\android\src\main\java\com\margelo\nitro\utils\HardwareBuffer+updateFrom.kt D:\AI_Personal_Buddy\AIAssistantApp\node_modules\react-native-nitro-modules\android\src\main\java\com\margelo\nitro\utils\HardwareBufferUtils.kt D:\AI_Personal_Buddy\AIAssistantApp\node_modules\react-native-nitro-modules\android\src\main\java\com\margelo\nitro\views\HybridView.kt D:\AI_Personal_Buddy\AIAssistantApp\node_modules\react-native-nitro-modules\android\src\newarch\NitroModulesSpec.kt
2026-08-14 00:50:02.073 [compiler] INFO: Starting compilation with args: -Xallow-no-source-files -classpath C:\Users\PREET\AppData\Local\Android\Sdk\platforms\android-36\android.jar;C:\Users\PREET\AppData\Local\Android\Sdk\build-tools\35.0.0\core-lambda-stubs.jar;D:\AI_Personal_Buddy\AIAssistantApp\node_modules\@react-native-google-signin\google-signin\android\build\intermediates\compile_r_class_jar\release\generateReleaseRFile\R.jar;D:\DevCaches\Gradle\caches\9.3.1\transforms\ea69928fda22412fe3a911b9cfec0f42\workspace\transformed\react-android-0.85.3-release-api.jar;D:\DevCaches\Gradle\caches\9.3.1\transforms\daf81ffa08286bc1441d0d597448d25a\workspace\transformed\fresco-3.6.0-api.jar;D:\DevCaches\Gradle\caches\9.3.1\transforms\420d736ac1d58d73b22e1ec02c7a5275\workspace\transformed\imagepipeline-okhttp3-3.6.0-api.jar;D:\DevCaches\Gradle\caches\9.3.1\transforms\1390aaa8781562dd727ca228e1af2798\workspace\transformed\middleware-3.6.0-api.jar;D:\DevCaches\Gradle\caches\9.3.1\transforms\7a592ebee32a9ed36426be6af6b93c2f\workspace\transformed\ui-common-3.6.0-api.jar;D:\DevCaches\Gradle\caches\modules-2\files-2.1\com.squareup.okhttp3\okhttp-urlconnection\4.9.2\3b9e64d3d56370bc7488ed8b336d17a8013cb336\okhttp-urlconnection-4.9.2.jar;D:\DevCaches\Gradle\caches\modules-2\files-2.1\com.squareup.okhttp3\okhttp\4.9.2\5302714ee9320b64cf65ed865e5f65981ef9ba46\okhttp-4.9.2.jar;D:\DevCaches\Gradle\caches\modules-2\files-2.1\com.squareup.okio\okio\2.9.0\dcc813b08ce5933f8bdfd1dfbab4ad4bd170e7a\okio-jvm-2.9.0.jar;D:\DevCaches\Gradle\caches\9.3.1\transforms\fc48efc0c3c13bd94ffd9e53fdf4ab23\workspace\transformed\play-services-auth-21.4.0-api.jar;D:\DevCaches\Gradle\caches\9.3.1\transforms\8b92820d1874662cae2ea32672ae052b\workspace\transformed\appcompat-resources-1.7.0-api.jar;D:\DevCaches\Gradle\caches\9.3.1\transforms\7e9c18a52f2957be2f08a8ca31c68ec9\workspace\transformed\appcompat-1.7.0-api.jar;D:\DevCaches\Gradle\caches\9.3.1\transforms\37d9002d17d2eae785e6e5a9be2508dc\workspace\transformed\play-services-auth-api-phone-18.0.2-api.jar;D:\DevCaches\Gradle\caches\9.3.1\transforms\b1c7bfbffd118f19a14744830d336532\workspace\transformed\play-services-auth-base-18.0.10-api.jar;D:\DevCaches\Gradle\caches\9.3.1\transforms\e897b190779c9dd20f8ad535545f6dde\workspace\transformed\play-services-fido-20.0.1-api.jar;D:\DevCaches\Gradle\caches\9.3.1\transforms\548d63e80e1979e67177bfb5f488dbcf\workspace\transformed\play-services-base-18.5.0-api.jar;D:\DevCaches\Gradle\caches\9.3.1\transforms\1e5276a2b53f011ec5aa5bf3777f84ee\workspace\transformed\play-services-tasks-18.2.0-api.jar;D:\DevCaches\Gradle\caches\9.3.1\transforms\c98e2531569439404f63ca0d8fbab71d\workspace\transformed\play-services-basement-18.5.0-api.jar;D:\DevCaches\Gradle\caches\9.3.1\transforms\ac8305a1a97e3ff46c4b2e2d9ed2748b\workspace\transformed\fragment-1.5.7-api.jar;D:\DevCaches\Gradle\caches\9.3.1\transforms\5d57a10277ccc3d421198fa335f13c31\workspace\transformed\activity-1.7.0-api.jar;D:\DevCaches\Gradle\caches\9.3.1\transforms\02dd6b91c73a38eb06fd44377d356de7\workspace\transformed\swiperefreshlayout-1.1.0-api.jar;D:\DevCaches\Gradle\caches\9.3.1\transforms\fa235d407bcaa98aafeae1c4cfb1b376\workspace\transformed\loader-1.1.0-api.jar;D:\DevCaches\Gradle\caches\9.3.1\transforms\5949fb73f103f7df9b2d9679bf3b3a34\workspace\transformed\drawerlayout-1.0.0-api.jar;D:\DevCaches\Gradle\caches\9.3.1\transforms\da1f32f676f1d9a35454fb403a531eb9\workspace\transformed\vectordrawable-animated-1.1.0-api.jar;D:\DevCaches\Gradle\caches\9.3.1\transforms\8e9410a2b55a888e797ad7d0399b4450\workspace\transformed\vectordrawable-1.1.0-api.jar;D:\DevCaches\Gradle\caches\modules-2\files-2.1\androidx.lifecycle\lifecycle-common\2.6.2\10f354fdb64868baecd67128560c5a0d6312c495\lifecycle-common-2.6.2.jar;D:\DevCaches\Gradle\caches\9.3.1\transforms\c99222cf520f071d53cce92172a81db6\workspace\transformed\lifecycle-runtime-2.6.2-api.jar;D:\DevCaches\Gradle\caches\9.3.1\transforms\19d0febf4a64607a835b54e7324a1d82\workspace\transformed\lifecycle-viewmodel-2.6.2-api.jar;D:\DevCaches\Gradle\caches\9.3.1\transforms\db76afd8d5b09605e1669791256bad91\workspace\transformed\lifecycle-livedata-core-2.6.2-api.jar;D:\DevCaches\Gradle\caches\9.3.1\transforms\9403456744d5408b4c30c3aaba708c3c\workspace\transformed\lifecycle-viewmodel-savedstate-2.6.2-api.jar;D:\DevCaches\Gradle\caches\9.3.1\transforms\ca8021ee4689d6bc3196781eb0418d52\workspace\transformed\core-ktx-1.13.1-api.jar;D:\DevCaches\Gradle\caches\9.3.1\transforms\8a0a38dc56090dd3c451aeeac9c9f9f1\workspace\transformed\viewpager-1.0.0-api.jar;D:\DevCaches\Gradle\caches\9.3.1\transforms\232db474742f37bcef80465007523893\workspace\transformed\customview-1.0.0-api.jar;D:\DevCaches\Gradle\caches\9.3.1\transforms\8816d7dd47a51a354a53b2a4be524dd6\workspace\transformed\core-1.13.1-api.jar;D:\DevCaches\Gradle\caches\9.3.1\transforms\9a69e5256b70f03fdda047745ca60edd\workspace\transformed\savedstate-1.2.1-api.jar;D:\DevCaches\Gradle\caches\9.3.1\transforms\ff2659e82caceee68e0ea796f0a6eb4e\workspace\transformed\fbcore-3.6.0-api.jar;D:\DevCaches\Gradle\caches\9.3.1\transforms\faebc86c76d6469621eb6a2e85cd2dfb\workspace\transformed\drawee-3.6.0-api.jar;D:\DevCaches\Gradle\caches\modules-2\files-2.1\org.jetbrains.kotlinx\kotlinx-coroutines-core-jvm\1.6.4\2c997cd1c0ef33f3e751d3831929aeff1390cb30\kotlinx-coroutines-core-jvm-1.6.4.jar;D:\DevCaches\Gradle\caches\modules-2\files-2.1\org.jetbrains.kotlinx\kotlinx-coroutines-android\1.6.4\f955fc8b2ad196e2f4429598440e15f7492eeb2b\kotlinx-coroutines-android-1.6.4.jar;D:\DevCaches\Gradle\caches\modules-2\files-2.1\org.jetbrains.kotlin\kotlin-stdlib-jdk8\1.8.0\ed04f49e186a116753ad70d34f0ac2925d1d8020\kotlin-stdlib-jdk8-1.8.0.jar;D:\DevCaches\Gradle\caches\9.3.1\transforms\29b5817ae5bf30a9211c0c065e95e755\workspace\transformed\annotation-experimental-1.4.0-api.jar;D:\DevCaches\Gradle\caches\9.3.1\transforms\b4458e790d37bde7a076b2d0f9db8d9c\workspace\transformed\cursoradapter-1.0.0-api.jar;D:\DevCaches\Gradle\caches\9.3.1\transforms\602e03bddb73e7cc0b72429212b2a651\workspace\transformed\interpolator-1.0.0-api.jar;D:\DevCaches\Gradle\caches\9.3.1\transforms\a4d6c31c1b3a7a9490da0bb6a7faff55\workspace\transformed\versionedparcelable-1.1.1-api.jar;D:\DevCaches\Gradle\caches\modules-2\files-2.1\androidx.collection\collection\1.1.0\1f27220b47669781457de0d600849a5de0e89909\collection-1.1.0.jar;D:\DevCaches\Gradle\caches\modules-2\files-2.1\androidx.arch.core\core-common\2.2.0\5e1b8b81dfd5f52c56a8d53b18ca759c19a301f3\core-common-2.2.0.jar;D:\DevCaches\Gradle\caches\modules-2\files-2.1\androidx.annotation\annotation-jvm\1.6.0\a7257339a052df0f91433cf9651231bbb802b502\annotation-jvm-1.6.0.jar;D:\DevCaches\Gradle\caches\9.3.1\transforms\c0e81dc1bcfb3c5ce2fd77b4639dbffa\workspace\transformed\ui-core-3.6.0-api.jar;D:\DevCaches\Gradle\caches\9.3.1\transforms\1a75661a8d98aac6681dce437732a228\workspace\transformed\imagepipeline-3.6.0-api.jar;D:\DevCaches\Gradle\caches\9.3.1\transforms\579a38152ad27a5bb0856f94aeacbbc5\workspace\transformed\imagepipeline-base-3.6.0-api.jar;D:\DevCaches\Gradle\caches\modules-2\files-2.1\org.jetbrains.kotlin\kotlin-stdlib-jdk7\1.8.0\3c91271347f678c239607abb676d4032a7898427\kotlin-stdlib-jdk7-1.8.0.jar;D:\DevCaches\Gradle\caches\modules-2\files-2.1\org.jetbrains.kotlin\kotlin-stdlib\2.1.20\aa8ca79cd50578314f6d1180c47cbe14c0fee567\kotlin-stdlib-2.1.20.jar;D:\DevCaches\Gradle\caches\modules-2\files-2.1\org.jetbrains\annotations\13.0\919f0dfe192fb4e063e7dacadee7f8bb9a2672a9\annotations-13.0.jar;D:\DevCaches\Gradle\caches\9.3.1\transforms\2ebfd1b4a7a6a1aa92e33ad15b8c2d07\workspace\transformed\tracing-1.1.0-api.jar;D:\DevCaches\Gradle\caches\9.3.1\transforms\f469791f345509a307df62989595528b\workspace\transformed\autofill-1.1.0-api.jar;D:\DevCaches\Gradle\caches\9.3.1\transforms\5f130eb10cd06d2a073b42c62a32dad9\workspace\transformed\fbjni-0.7.0-api.jar;D:\DevCaches\Gradle\caches\9.3.1\transforms\26b62f3c65e76a5ff7734f1a60550121\workspace\transformed\soloader-0.12.1-api.jar;D:\DevCaches\Gradle\caches\modules-2\files-2.1\com.facebook.soloader\nativeloader\0.12.1\492cc5082540e19b29328f2f56c53255cb6e7cc6\nativeloader-0.12.1.jar;D:\DevCaches\Gradle\caches\modules-2\files-2.1\com.facebook.soloader\annotation\0.12.1\945ada76f62253ba8e72cbf755d0e85ea7362cfe\annotation-0.12.1.jar;D:\DevCaches\Gradle\caches\modules-2\files-2.1\com.facebook.infer.annotation\infer-annotation\0.18.0\27539793fe93ed7d92b6376281c16cda8278ab2f\infer-annotation-0.18.0.jar;D:\DevCaches\Gradle\caches\modules-2\files-2.1\com.google.code.findbugs\jsr305\3.0.2\25ea2e8b0c338a877313bd4672d3fe056ea78f0d\jsr305-3.0.2.jar;D:\DevCaches\Gradle\caches\modules-2\files-2.1\org.jetbrains.kotlin\kotlin-annotations-jvm\1.3.72\7dba6c57de526588d8080317bda0c14cd88c8055\kotlin-annotations-jvm-1.3.72.jar;D:\DevCaches\Gradle\caches\9.3.1\transforms\6e3f7b74fce8d25af3b8e1fc02e40571\workspace\transformed\imagepipeline-native-3.6.0-api.jar;D:\DevCaches\Gradle\caches\9.3.1\transforms\a4fae1aba483bf7bb04fbd4a20e04433\workspace\transformed\memory-type-ashmem-3.6.0-api.jar;D:\DevCaches\Gradle\caches\9.3.1\transforms\51d85524db39e73292493ce437537bd9\workspace\transformed\memory-type-native-3.6.0-api.jar;D:\DevCaches\Gradle\caches\9.3.1\transforms\533556f5e1704b8b3582429a90ba3d4f\workspace\transformed\memory-type-java-3.6.0-api.jar;D:\DevCaches\Gradle\caches\9.3.1\transforms\9e926093ce0690e348d928d85282229c\workspace\transformed\nativeimagefilters-3.6.0-api.jar;D:\DevCaches\Gradle\caches\9.3.1\transforms\93dc1ffbf9cc08e49a8212183c725130\workspace\transformed\nativeimagetranscoder-3.6.0-api.jar;D:\DevCaches\Gradle\caches\modules-2\files-2.1\com.facebook.yoga\proguard-annotations\1.19.0\fcbbb39052e6490eaaf6a6959c49c3a4fbe87c63\proguard-annotations-1.19.0.jar;D:\DevCaches\Gradle\caches\modules-2\files-2.1\javax.inject\javax.inject\1\6975da39a7040257bd51d21a231b76c915872d38\javax.inject-1.jar -d D:\AI_Personal_Buddy\AIAssistantApp\node_modules\@react-native-google-signin\google-signin\android\build\tmp\kotlin-classes\release -jvm-target 17 -module-name react-native-google-signin_google-signin_release -no-jdk -no-reflect -no-stdlib D:\AI_Personal_Buddy\AIAssistantApp\node_modules\@react-native-google-signin\google-signin\android\src\main\java\com\reactnativegooglesignin\PendingAuthRecovery.java D:\AI_Personal_Buddy\AIAssistantApp\node_modules\@react-native-google-signin\google-signin\android\src\main\java\com\reactnativegooglesignin\PromiseWrapper.java D:\AI_Personal_Buddy\AIAssistantApp\node_modules\@react-native-google-signin\google-signin\android\src\main\java\com\reactnativegooglesignin\RNGoogleSigninButtonViewManager.java D:\AI_Personal_Buddy\AIAssistantApp\node_modules\@react-native-google-signin\google-signin\android\src\main\java\com\reactnativegooglesignin\RNGoogleSigninModule.java D:\AI_Personal_Buddy\AIAssistantApp\node_modules\@react-native-google-signin\google-signin\android\src\main\java\com\reactnativegooglesignin\RNGoogleSigninPackage.java D:\AI_Personal_Buddy\AIAssistantApp\node_modules\@react-native-google-signin\google-signin\android\src\main\java\com\reactnativegooglesignin\SigninButtonEvent.java D:\AI_Personal_Buddy\AIAssistantApp\node_modules\@react-native-google-signin\google-signin\android\src\main\java\com\reactnativegooglesignin\Utils.java D:\AI_Personal_Buddy\AIAssistantApp\node_modules\@react-native-google-signin\google-signin\android\src\newArch\java\com\reactnativegooglesignin\RNGoogleSigninButtonManagerDelegate.java D:\AI_Personal_Buddy\AIAssistantApp\node_modules\@react-native-google-signin\google-signin\android\src\newArch\java\com\reactnativegooglesignin\RNGoogleSigninButtonManagerInterface.java D:\AI_Personal_Buddy\AIAssistantApp\node_modules\@react-native-google-signin\google-signin\android\build\generated\source\codegen\java\com\facebook\react\viewmanagers\RNGoogleSigninButtonManagerDelegate.java D:\AI_Personal_Buddy\AIAssistantApp\node_modules\@react-native-google-signin\google-signin\android\build\generated\source\codegen\java\com\facebook\react\viewmanagers\RNGoogleSigninButtonManagerInterface.java D:\AI_Personal_Buddy\AIAssistantApp\node_modules\@react-native-google-signin\google-signin\android\build\generated\source\codegen\java\com\reactnativegooglesignin\NativeGoogleSigninSpec.java D:\AI_Personal_Buddy\AIAssistantApp\node_modules\@react-native-google-signin\google-signin\android\build\generated\source\buildConfig\release\com\reactnativegooglesignin\BuildConfig.java D:\AI_Personal_Buddy\AIAssistantApp\node_modules\@react-native-google-signin\google-signin\android\src\main\java\com\reactnativegooglesignin\ErrorDto.kt
2026-08-14 00:50:07.270 [compiler] INFO: No more clients left
2026-08-14 00:50:07.270 [compiler] INFO: Delayed shutdown in 1000ms
2026-08-14 00:50:10.917 [compiler] SEVERE: Exception: java.rmi.ConnectException: Connection refused to host: 127.0.0.1; nested exception is: 
	java.net.ConnectException: Connection refused: connect
  java.rmi/sun.rmi.transport.tcp.TCPEndpoint.newSocket(TCPEndpoint.java:626)
  java.rmi/sun.rmi.transport.tcp.TCPChannel.createConnection(TCPChannel.java:217)
  java.rmi/sun.rmi.transport.tcp.TCPChannel.newConnection(TCPChannel.java:204)
  java.rmi/sun.rmi.server.UnicastRef.invoke(UnicastRef.java:133)
  java.rmi/java.rmi.server.RemoteObjectInvocationHandler.invokeRemoteMethod(RemoteObjectInvocationHandler.java:215)
  java.rmi/java.rmi.server.RemoteObjectInvocationHandler.invoke(RemoteObjectInvocationHandler.java:160)
  jdk.proxy1/jdk.proxy1.$Proxy2.add(Unknown Source)
  org.jetbrains.kotlin.daemon.report.CompileIterationICReporter.reportCompileIteration(CompileIterationICReporter.kt:21)
  org.jetbrains.kotlin.daemon.report.CompositeICReporter.reportCompileIteration(CompositeICReporter.kt:19)
  org.jetbrains.kotlin.build.report.BuildReporter.reportCompileIteration(BuildReporter.kt)
  org.jetbrains.kotlin.incremental.IncrementalCompilerRunner.doCompile(IncrementalCompilerRunner.kt:541)
  org.jetbrains.kotlin.incremental.IncrementalCompilerRunner.compileImpl(IncrementalCompilerRunner.kt:431)
  org.jetbrains.kotlin.incremental.IncrementalCompilerRunner.compileNonIncrementally(IncrementalCompilerRunner.kt:310)
  org.jetbrains.kotlin.incremental.IncrementalCompilerRunner.compile(IncrementalCompilerRunner.kt:137)
  org.jetbrains.kotlin.daemon.CompileServiceImplBase.execIncrementalCompiler(CompileServiceImpl.kt:678)
  org.jetbrains.kotlin.daemon.CompileServiceImplBase.access$execIncrementalCompiler(CompileServiceImpl.kt:92)
  org.jetbrains.kotlin.daemon.CompileServiceImpl.compile(CompileServiceImpl.kt:1805)
  java.base/jdk.internal.reflect.NativeMethodAccessorImpl.invoke0(Native Method)
  java.base/jdk.internal.reflect.NativeMethodAccessorImpl.invoke(NativeMethodAccessorImpl.java:77)
  java.base/jdk.internal.reflect.DelegatingMethodAccessorImpl.invoke(DelegatingMethodAccessorImpl.java:43)
  java.base/java.lang.reflect.Method.invoke(Method.java:568)
  java.rmi/sun.rmi.server.UnicastServerRef.dispatch(UnicastServerRef.java:360)
  java.rmi/sun.rmi.transport.Transport$1.run(Transport.java:200)
  java.rmi/sun.rmi.transport.Transport$1.run(Transport.java:197)
  java.base/java.security.AccessController.doPrivileged(AccessController.java:712)
  java.rmi/sun.rmi.transport.Transport.serviceCall(Transport.java:196)
  java.rmi/sun.rmi.transport.tcp.TCPTransport.handleMessages(TCPTransport.java:587)
  java.rmi/sun.rmi.transport.tcp.TCPTransport$ConnectionHandler.run0(TCPTransport.java:828)
  java.rmi/sun.rmi.transport.tcp.TCPTransport$ConnectionHandler.lambda$run$0(TCPTransport.java:705)
  java.base/java.security.AccessController.doPrivileged(AccessController.java:399)
  java.rmi/sun.rmi.transport.tcp.TCPTransport$ConnectionHandler.run(TCPTransport.java:704)
  java.base/java.util.concurrent.ThreadPoolExecutor.runWorker(ThreadPoolExecutor.java:1136)
  java.base/java.util.concurrent.ThreadPoolExecutor$Worker.run(ThreadPoolExecutor.java:635)
  java.base/java.lang.Thread.run(Thread.java:840)
Caused by: java.net.ConnectException: Connection refused: connect
  java.base/sun.nio.ch.Net.connect0(Native Method)
  java.base/sun.nio.ch.Net.connect(Net.java:579)
  java.base/sun.nio.ch.Net.connect(Net.java:568)
  java.base/sun.nio.ch.NioSocketImpl.connect(NioSocketImpl.java:593)
  java.base/java.net.SocksSocketImpl.connect(SocksSocketImpl.java:327)
  java.base/java.net.Socket.connect(Socket.java:633)
  java.base/java.net.Socket.connect(Socket.java:583)
  java.base/java.net.Socket.<init>(Socket.java:507)
  java.base/java.net.Socket.<init>(Socket.java:319)
  org.jetbrains.kotlin.daemon.common.LoopbackNetworkInterface$ClientLoopbackSocketFactory.socketCreate(NetworkUtils.kt:94)
  org.jetbrains.kotlin.daemon.common.LoopbackNetworkInterface$ClientLoopbackSocketFactory.socketCreate(NetworkUtils.kt:93)
  org.jetbrains.kotlin.daemon.common.LoopbackNetworkInterface$AbstractClientLoopbackSocketFactory.createSocket(NetworkUtils.kt:83)
  org.jetbrains.kotlin.daemon.common.LoopbackNetworkInterface$ClientLoopbackSocketFactory.createSocket(NetworkUtils.kt:93)
  java.rmi/sun.rmi.transport.tcp.TCPEndpoint.newSocket(TCPEndpoint.java:620)
  java.rmi/sun.rmi.transport.tcp.TCPChannel.createConnection(TCPChannel.java:217)
  java.rmi/sun.rmi.transport.tcp.TCPChannel.newConnection(TCPChannel.java:204)
  java.rmi/sun.rmi.server.UnicastRef.invoke(UnicastRef.java:133)
  java.rmi/java.rmi.server.RemoteObjectInvocationHandler.invokeRemoteMethod(RemoteObjectInvocationHandler.java:215)
  java.rmi/java.rmi.server.RemoteObjectInvocationHandler.invoke(RemoteObjectInvocationHandler.java:160)
  jdk.proxy1/jdk.proxy1.$Proxy2.add(Unknown Source)
  org.jetbrains.kotlin.daemon.report.CompileIterationICReporter.reportCompileIteration(CompileIterationICReporter.kt:21)
  org.jetbrains.kotlin.daemon.report.CompositeICReporter.reportCompileIteration(CompositeICReporter.kt:19)
  org.jetbrains.kotlin.build.report.BuildReporter.reportCompileIteration(BuildReporter.kt)
  org.jetbrains.kotlin.incremental.IncrementalCompilerRunner.doCompile(IncrementalCompilerRunner.kt:541)
  org.jetbrains.kotlin.incremental.IncrementalCompilerRunner.compileImpl(IncrementalCompilerRunner.kt:431)
  org.jetbrains.kotlin.incremental.IncrementalCompilerRunner.compileNonIncrementally(IncrementalCompilerRunner.kt:310)
  org.jetbrains.kotlin.incremental.IncrementalCompilerRunner.compile(IncrementalCompilerRunner.kt:137)
  org.jetbrains.kotlin.daemon.CompileServiceImplBase.execIncrementalCompiler(CompileServiceImpl.kt:678)
  org.jetbrains.kotlin.daemon.CompileServiceImplBase.access$execIncrementalCompiler(CompileServiceImpl.kt:92)
  org.jetbrains.kotlin.daemon.CompileServiceImpl.compile(CompileServiceImpl.kt:1805)
  java.base/jdk.internal.reflect.NativeMethodAccessorImpl.invoke0(Native Method)
  java.base/jdk.internal.reflect.NativeMethodAccessorImpl.invoke(NativeMethodAccessorImpl.java:77)
  java.base/jdk.internal.reflect.DelegatingMethodAccessorImpl.invoke(DelegatingMethodAccessorImpl.java:43)
  java.base/java.lang.reflect.Method.invoke(Method.java:568)
  java.rmi/sun.rmi.server.UnicastServerRef.dispatch(UnicastServerRef.java:360)
  java.rmi/sun.rmi.transport.Transport$1.run(Transport.java:200)
  java.rmi/sun.rmi.transport.Transport$1.run(Transport.java:197)
  java.base/java.security.AccessController.doPrivileged(AccessController.java:712)
  java.rmi/sun.rmi.transport.Transport.serviceCall(Transport.java:196)
  java.rmi/sun.rmi.transport.tcp.TCPTransport.handleMessages(TCPTransport.java:587)
  java.rmi/sun.rmi.transport.tcp.TCPTransport$ConnectionHandler.run0(TCPTransport.java:828)
  java.rmi/sun.rmi.transport.tcp.TCPTransport$ConnectionHandler.lambda$run$0(TCPTransport.java:705)
  java.base/java.security.AccessController.doPrivileged(AccessController.java:399)
  java.rmi/sun.rmi.transport.tcp.TCPTransport$ConnectionHandler.run(TCPTransport.java:704)
  java.base/java.util.concurrent.ThreadPoolExecutor.runWorker(ThreadPoolExecutor.java:1136)
  java.base/java.util.concurrent.ThreadPoolExecutor$Worker.run(ThreadPoolExecutor.java:635)
  java.base/java.lang.Thread.run(Thread.java:840)
2026-08-14 00:50:10.917 [compiler] SEVERE: Exception
2026-08-14 00:50:11.056 [compiler] SEVERE: Exception: java.rmi.ConnectException: Connection refused to host: 127.0.0.1; nested exception is: 
	java.net.ConnectException: Connection refused: connect
  java.rmi/sun.rmi.transport.tcp.TCPEndpoint.newSocket(TCPEndpoint.java:626)
  java.rmi/sun.rmi.transport.tcp.TCPChannel.createConnection(TCPChannel.java:217)
  java.rmi/sun.rmi.transport.tcp.TCPChannel.newConnection(TCPChannel.java:204)
  java.rmi/sun.rmi.server.UnicastRef.invoke(UnicastRef.java:133)
  java.rmi/java.rmi.server.RemoteObjectInvocationHandler.invokeRemoteMethod(RemoteObjectInvocationHandler.java:215)
  java.rmi/java.rmi.server.RemoteObjectInvocationHandler.invoke(RemoteObjectInvocationHandler.java:160)
  jdk.proxy1/jdk.proxy1.$Proxy2.add(Unknown Source)
  org.jetbrains.kotlin.daemon.report.CompileIterationICReporter.reportCompileIteration(CompileIterationICReporter.kt:21)
  org.jetbrains.kotlin.daemon.report.CompositeICReporter.reportCompileIteration(CompositeICReporter.kt:19)
  org.jetbrains.kotlin.build.report.BuildReporter.reportCompileIteration(BuildReporter.kt)
  org.jetbrains.kotlin.incremental.IncrementalCompilerRunner.doCompile(IncrementalCompilerRunner.kt:541)
  org.jetbrains.kotlin.incremental.IncrementalCompilerRunner.compileImpl(IncrementalCompilerRunner.kt:431)
  org.jetbrains.kotlin.incremental.IncrementalCompilerRunner.compileNonIncrementally(IncrementalCompilerRunner.kt:310)
  org.jetbrains.kotlin.incremental.IncrementalCompilerRunner.compile(IncrementalCompilerRunner.kt:137)
  org.jetbrains.kotlin.daemon.CompileServiceImplBase.execIncrementalCompiler(CompileServiceImpl.kt:678)
  org.jetbrains.kotlin.daemon.CompileServiceImplBase.access$execIncrementalCompiler(CompileServiceImpl.kt:92)
  org.jetbrains.kotlin.daemon.CompileServiceImpl.compile(CompileServiceImpl.kt:1805)
  java.base/jdk.internal.reflect.NativeMethodAccessorImpl.invoke0(Native Method)
  java.base/jdk.internal.reflect.NativeMethodAccessorImpl.invoke(NativeMethodAccessorImpl.java:77)
  java.base/jdk.internal.reflect.DelegatingMethodAccessorImpl.invoke(DelegatingMethodAccessorImpl.java:43)
  java.base/java.lang.reflect.Method.invoke(Method.java:568)
  java.rmi/sun.rmi.server.UnicastServerRef.dispatch(UnicastServerRef.java:360)
  java.rmi/sun.rmi.transport.Transport$1.run(Transport.java:200)
  java.rmi/sun.rmi.transport.Transport$1.run(Transport.java:197)
  java.base/java.security.AccessController.doPrivileged(AccessController.java:712)
  java.rmi/sun.rmi.transport.Transport.serviceCall(Transport.java:196)
  java.rmi/sun.rmi.transport.tcp.TCPTransport.handleMessages(TCPTransport.java:587)
  java.rmi/sun.rmi.transport.tcp.TCPTransport$ConnectionHandler.run0(TCPTransport.java:828)
  java.rmi/sun.rmi.transport.tcp.TCPTransport$ConnectionHandler.lambda$run$0(TCPTransport.java:705)
  java.base/java.security.AccessController.doPrivileged(AccessController.java:399)
  java.rmi/sun.rmi.transport.tcp.TCPTransport$ConnectionHandler.run(TCPTransport.java:704)
  java.base/java.util.concurrent.ThreadPoolExecutor.runWorker(ThreadPoolExecutor.java:1136)
  java.base/java.util.concurrent.ThreadPoolExecutor$Worker.run(ThreadPoolExecutor.java:635)
  java.base/java.lang.Thread.run(Thread.java:840)
Caused by: java.net.ConnectException: Connection refused: connect
  java.base/sun.nio.ch.Net.connect0(Native Method)
  java.base/sun.nio.ch.Net.connect(Net.java:579)
  java.base/sun.nio.ch.Net.connect(Net.java:568)
  java.base/sun.nio.ch.NioSocketImpl.connect(NioSocketImpl.java:593)
  java.base/java.net.SocksSocketImpl.connect(SocksSocketImpl.java:327)
  java.base/java.net.Socket.connect(Socket.java:633)
  java.base/java.net.Socket.connect(Socket.java:583)
  java.base/java.net.Socket.<init>(Socket.java:507)
  java.base/java.net.Socket.<init>(Socket.java:319)
  org.jetbrains.kotlin.daemon.common.LoopbackNetworkInterface$ClientLoopbackSocketFactory.socketCreate(NetworkUtils.kt:94)
  org.jetbrains.kotlin.daemon.common.LoopbackNetworkInterface$ClientLoopbackSocketFactory.socketCreate(NetworkUtils.kt:93)
  org.jetbrains.kotlin.daemon.common.LoopbackNetworkInterface$AbstractClientLoopbackSocketFactory.createSocket(NetworkUtils.kt:83)
  org.jetbrains.kotlin.daemon.common.LoopbackNetworkInterface$ClientLoopbackSocketFactory.createSocket(NetworkUtils.kt:93)
  java.rmi/sun.rmi.transport.tcp.TCPEndpoint.newSocket(TCPEndpoint.java:620)
  java.rmi/sun.rmi.transport.tcp.TCPChannel.createConnection(TCPChannel.java:217)
  java.rmi/sun.rmi.transport.tcp.TCPChannel.newConnection(TCPChannel.java:204)
  java.rmi/sun.rmi.server.UnicastRef.invoke(UnicastRef.java:133)
  java.rmi/java.rmi.server.RemoteObjectInvocationHandler.invokeRemoteMethod(RemoteObjectInvocationHandler.java:215)
  java.rmi/java.rmi.server.RemoteObjectInvocationHandler.invoke(RemoteObjectInvocationHandler.java:160)
  jdk.proxy1/jdk.proxy1.$Proxy2.add(Unknown Source)
  org.jetbrains.kotlin.daemon.report.CompileIterationICReporter.reportCompileIteration(CompileIterationICReporter.kt:21)
  org.jetbrains.kotlin.daemon.report.CompositeICReporter.reportCompileIteration(CompositeICReporter.kt:19)
  org.jetbrains.kotlin.build.report.BuildReporter.reportCompileIteration(BuildReporter.kt)
  org.jetbrains.kotlin.incremental.IncrementalCompilerRunner.doCompile(IncrementalCompilerRunner.kt:541)
  org.jetbrains.kotlin.incremental.IncrementalCompilerRunner.compileImpl(IncrementalCompilerRunner.kt:431)
  org.jetbrains.kotlin.incremental.IncrementalCompilerRunner.compileNonIncrementally(IncrementalCompilerRunner.kt:310)
  org.jetbrains.kotlin.incremental.IncrementalCompilerRunner.compile(IncrementalCompilerRunner.kt:137)
  org.jetbrains.kotlin.daemon.CompileServiceImplBase.execIncrementalCompiler(CompileServiceImpl.kt:678)
  org.jetbrains.kotlin.daemon.CompileServiceImplBase.access$execIncrementalCompiler(CompileServiceImpl.kt:92)
  org.jetbrains.kotlin.daemon.CompileServiceImpl.compile(CompileServiceImpl.kt:1805)
  java.base/jdk.internal.reflect.NativeMethodAccessorImpl.invoke0(Native Method)
  java.base/jdk.internal.reflect.NativeMethodAccessorImpl.invoke(NativeMethodAccessorImpl.java:77)
  java.base/jdk.internal.reflect.DelegatingMethodAccessorImpl.invoke(DelegatingMethodAccessorImpl.java:43)
  java.base/java.lang.reflect.Method.invoke(Method.java:568)
  java.rmi/sun.rmi.server.UnicastServerRef.dispatch(UnicastServerRef.java:360)
  java.rmi/sun.rmi.transport.Transport$1.run(Transport.java:200)
  java.rmi/sun.rmi.transport.Transport$1.run(Transport.java:197)
  java.base/java.security.AccessController.doPrivileged(AccessController.java:712)
  java.rmi/sun.rmi.transport.Transport.serviceCall(Transport.java:196)
  java.rmi/sun.rmi.transport.tcp.TCPTransport.handleMessages(TCPTransport.java:587)
  java.rmi/sun.rmi.transport.tcp.TCPTransport$ConnectionHandler.run0(TCPTransport.java:828)
  java.rmi/sun.rmi.transport.tcp.TCPTransport$ConnectionHandler.lambda$run$0(TCPTransport.java:705)
  java.base/java.security.AccessController.doPrivileged(AccessController.java:399)
  java.rmi/sun.rmi.transport.tcp.TCPTransport$ConnectionHandler.run(TCPTransport.java:704)
  java.base/java.util.concurrent.ThreadPoolExecutor.runWorker(ThreadPoolExecutor.java:1136)
  java.base/java.util.concurrent.ThreadPoolExecutor$Worker.run(ThreadPoolExecutor.java:635)
  java.base/java.lang.Thread.run(Thread.java:840)
2026-08-14 00:50:11.057 [compiler] SEVERE: Exception
2026-08-14 00:50:11.057 [compiler] INFO: Shutdown started
2026-08-14 00:50:11.057 [compiler] INFO: Memory stats: total: 251mb, free: 170mb, max: 1820mb
2026-08-14 00:50:11.058 [compiler] INFO: Shutdown complete
